IQ-TREE version 3.1.2 for MacOS ARM 64-bit built May 17 2026
Developed by Bui Quang Minh, Thomas Wong, Nhan Ly-Trong, Huaiyan Ren
Contributed by Lam-Tung Nguyen, Dominik Schrempf, Chris Bielow,
Olga Chernomor, Michael Woodhams, Diep Thi Hoang, Heiko Schmidt

Host:    Krishnendus-MacBook-Pro.local (SSE4.2, 36 GB RAM)
Command: iqtree -s real_empirical_pilot/input/msas/WRKY_candidate_02_close.protein.aln.fasta -m MFP -B 1000 -alrt 1000 -T AUTO --seed 42 -pre real_empirical_pilot/input/trees/WRKY_candidate_02_close
Seed:    42 (Using SPRNG - Scalable Parallel Random Number Generator)
Time:    Thu May 28 12:47:30 2026
Kernel:  SSE2 - auto-detect threads (18 CPU cores detected)

Reading alignment file real_empirical_pilot/input/msas/WRKY_candidate_02_close.protein.aln.fasta ... Fasta format detected
Reading fasta file: done in 3.79086e-05 secs using 84.41% CPU
Alignment most likely contains protein sequences
Constructing alignment: done in 0.00028801 secs using 36.46% CPU
Alignment has 7 sequences with 530 columns, 170 distinct patterns
62 parsimony-informative, 58 singleton sites, 410 constant sites
                      Gap/Ambiguity  Composition  p-value
Analyzing sequences: done in 7.98702e-05 secs using 51.33% CPU
   1  Arabidopsis_thaliana    2.08%    passed    100.00%
   2  Arabidopsis_lyrata      4.72%    passed    100.00%
   3  Arabidopsis_halleri     3.21%    passed    100.00%
   4  Arabis_alpina           5.66%    passed    100.00%
   5  Eutrema_salsugineum     4.53%    passed    100.00%
   6  Brassica_oleracea       7.55%    passed    100.00%
   7  Brassica_rapa_RO18      7.74%    passed     99.99%
****  TOTAL                   5.07%  0 sequences failed composition chi2 test (p-value<5%; df=19)
Checking for duplicate sequences: done in 0.000111103 secs using 36% CPU


Create initial parsimony tree by phylogenetic likelihood library (PLL)... 0.000 seconds
Measuring multi-threading efficiency up to 18 CPU cores
Increase to 10 rounds for branch lengths
4923 trees examined
Threads: 1 / Time: 18.001 sec / Speedup: 1.000 / Efficiency: 100% / LogL: -2676
Threads: 2 / Time: 18.270 sec / Speedup: 0.985 / Efficiency: 49% / LogL: -2676
Determining AUTO threadcount: done in 36.2714 secs using 108.2% CPU
BEST NUMBER OF THREADS: 1

Perform fast likelihood tree search using LG+I+G model...
Estimate model parameters (epsilon = 5.000)
Perform nearest neighbor interchange...
Estimate model parameters (epsilon = 1.000)
1. Initial log-likelihood: -2546.717
Optimal log-likelihood: -2546.696
Proportion of invariable sites: 0.385
Gamma shape alpha: 1.404
Parameters optimization took 1 rounds (0.006 sec)
Time for fast ML tree search: 0.019 seconds

NOTE: ModelFinder requires 2 MB RAM!
ModelFinder will test up to 1232 protein models (sample size: 530 epsilon: 0.100) ...
 No. Model         -LnL         df  AIC          AICc         BIC
  1  LG            2561.353     11  5144.707     5145.216     5191.708
  2  LG+I          2548.168     12  5120.336     5120.939     5171.610
  3  LG+G4         2546.837     12  5117.675     5118.278     5168.949
  4  LG+I+G4       2546.695     13  5119.390     5120.095     5174.937
  5  LG+R2         2548.009     13  5122.017     5122.722     5177.564
  6  LG+R3         2546.910     15  5123.820     5124.754     5187.914
 14  LG+I+R2       2547.439     14  5122.879     5123.694     5182.699
 15  LG+I+R3       2546.811     16  5125.622     5126.682     5193.988
 24  LG+F+I        2480.186     31  5022.371     5026.355     5154.831
 25  LG+F+G4       2478.550     31  5019.101     5023.085     5151.560
 26  LG+F+I+G4     2478.207     32  5020.414     5024.663     5157.146
 27  LG+F+R2       2479.910     32  5023.821     5028.070     5160.553
 46  WAG+I         2537.660     12  5099.320     5099.924     5150.595
 47  WAG+G4        2536.642     12  5097.285     5097.888     5148.559
 48  WAG+I+G4      2536.621     13  5099.241     5099.947     5154.789
 49  WAG+R2        2537.431     13  5100.862     5101.567     5156.409
 68  WAG+F+I       2478.366     31  5018.732     5022.716     5151.191
 69  WAG+F+G4      2477.105     31  5016.209     5020.193     5148.668
 70  WAG+F+I+G4    2476.944     32  5017.888     5022.137     5154.620
 71  WAG+F+R2      2478.072     32  5020.144     5024.394     5156.876
 90  JTT+I         2514.601     12  5053.201     5053.804     5104.476
 91  JTT+G4        2513.871     12  5051.742     5052.345     5103.016
 92  JTT+I+G4      2513.851     13  5053.701     5054.407     5109.249
 93  JTT+R2        2514.397     13  5054.793     5055.499     5110.341
112  JTT+F+I       2459.448     31  4980.895     4984.879     5113.355
113  JTT+F+G4      2458.485     31  4978.969     4982.953     5111.429
114  JTT+F+I+G4    2458.370     32  4980.741     4984.990     5117.473
115  JTT+F+R2      2459.215     32  4982.430     4986.679     5119.162
134  Q.PFAM+I      2536.427     12  5096.855     5097.458     5148.129
135  Q.PFAM+G4     2535.344     12  5094.687     5095.291     5145.962
136  Q.PFAM+I+G4   2535.284     13  5096.568     5097.274     5152.116
137  Q.PFAM+R2     2536.127     13  5098.255     5098.960     5153.802
156  Q.PFAM+F+I    2473.984     31  5009.969     5013.952     5142.428
157  Q.PFAM+F+G4   2472.652     31  5007.305     5011.289     5139.764
158  Q.PFAM+F+I+G4 2472.478     32  5008.956     5013.206     5145.688
159  Q.PFAM+F+R2   2473.592     32  5011.185     5015.434     5147.917
178  Q.BIRD+I      2507.535     12  5039.070     5039.673     5090.344
179  Q.BIRD+G4     2506.849     12  5037.699     5038.302     5088.973
180  Q.BIRD+I+G4   2506.790     13  5039.580     5040.285     5095.127
181  Q.BIRD+R2     2507.310     13  5040.620     5041.326     5096.168
200  Q.BIRD+F+I    2453.714     31  4969.428     4973.412     5101.887
201  Q.BIRD+F+G4   2452.866     31  4967.732     4971.716     5100.192
202  Q.BIRD+F+I+G4 2452.750     32  4969.500     4973.750     5106.232
203  Q.BIRD+F+R2   2453.445     32  4970.890     4975.139     5107.622
222  Q.MAMMAL+I    2501.629     12  5027.258     5027.862     5078.533
223  Q.MAMMAL+G4   2501.143     12  5026.286     5026.889     5077.560
224  Q.MAMMAL+I+G4 2501.116     13  5028.232     5028.937     5083.779
225  Q.MAMMAL+R2   2501.450     13  5028.901     5029.606     5084.448
244  Q.MAMMAL+F+I  2450.489     31  4962.979     4966.963     5095.438
245  Q.MAMMAL+F+G4 2449.868     31  4961.737     4965.721     5094.196
246  Q.MAMMAL+F+I+G4 2449.817     32  4963.635     4967.884     5100.367
247  Q.MAMMAL+F+R2 2450.244     32  4964.488     4968.738     5101.220
266  Q.INSECT+I    2529.028     12  5082.055     5082.659     5133.330
267  Q.INSECT+G4   2528.257     12  5080.514     5081.118     5131.789
268  Q.INSECT+I+G4 2528.205     13  5082.411     5083.116     5137.958
269  Q.INSECT+R2   2528.725     13  5083.450     5084.156     5138.998
288  Q.INSECT+F+I  2462.360     31  4986.720     4990.704     5119.179
289  Q.INSECT+F+G4 2461.289     31  4984.578     4988.562     5117.037
290  Q.INSECT+F+I+G4 2461.146     32  4986.293     4990.542     5123.025
291  Q.INSECT+F+R2 2461.930     32  4987.861     4992.110     5124.593
310  Q.PLANT+I     2519.360     12  5062.719     5063.323     5113.994
311  Q.PLANT+G4    2518.166     12  5060.332     5060.935     5111.606
312  Q.PLANT+I+G4  2517.988     13  5061.977     5062.682     5117.524
313  Q.PLANT+R2    2518.855     13  5063.709     5064.415     5119.257
332  Q.PLANT+F+I   2455.549     31  4973.098     4977.082     5105.557
333  Q.PLANT+F+G4  2454.012     31  4970.023     4974.007     5102.483
334  Q.PLANT+F+I+G4 2453.643     32  4971.286     4975.535     5108.018
335  Q.PLANT+F+R2  2454.861     32  4973.723     4977.972     5110.455
354  Q.YEAST+I     2532.470     12  5088.940     5089.543     5140.214
355  Q.YEAST+G4    2531.251     12  5086.502     5087.106     5137.777
356  Q.YEAST+I+G4  2531.152     13  5088.304     5089.010     5143.852
357  Q.YEAST+R2    2531.833     13  5089.666     5090.372     5145.214
376  Q.YEAST+F+I   2471.418     31  5004.836     5008.820     5137.295
377  Q.YEAST+F+G4  2469.906     31  5001.812     5005.796     5134.272
378  Q.YEAST+F+I+G4 2469.670     32  5003.339     5007.589     5140.071
379  Q.YEAST+F+R2  2470.580     32  5005.161     5009.410     5141.893
398  JTTDCMUT+I    2515.587     12  5055.174     5055.777     5106.448
399  JTTDCMUT+G4   2514.837     12  5053.674     5054.277     5104.948
400  JTTDCMUT+I+G4 2514.801     13  5055.602     5056.308     5111.150
401  JTTDCMUT+R2   2515.145     13  5056.290     5056.996     5111.838
420  JTTDCMUT+F+I  2460.459     31  4982.918     4986.902     5115.377
421  JTTDCMUT+F+G4 2459.476     31  4980.951     4984.935     5113.410
422  JTTDCMUT+F+I+G4 2459.344     32  4982.688     4986.937     5119.420
423  JTTDCMUT+F+R2 2459.879     32  4983.757     4988.007     5120.489
442  DCMUT+I       2528.572     12  5081.144     5081.747     5132.418
443  DCMUT+G4      2527.438     12  5078.876     5079.480     5130.151
444  DCMUT+I+G4    2527.299     13  5080.599     5081.304     5136.146
445  DCMUT+R2      2527.859     13  5081.719     5082.424     5137.266
464  DCMUT+F+I     2466.754     31  4995.508     4999.492     5127.968
465  DCMUT+F+G4    2465.506     31  4993.012     4996.996     5125.471
466  DCMUT+F+I+G4  2465.260     32  4994.520     4998.769     5131.252
467  DCMUT+F+R2    2465.932     32  4995.865     5000.114     5132.597
486  VT+I          2532.809     12  5089.618     5090.221     5140.892
487  VT+G4         2532.038     12  5088.076     5088.679     5139.350
488  VT+I+G4       2532.035     13  5090.069     5090.775     5145.617
489  VT+R2         2532.267     13  5090.534     5091.240     5146.081
508  VT+F+I        2476.861     31  5015.723     5019.707     5148.182
509  VT+F+G4       2475.876     31  5013.751     5017.735     5146.210
510  VT+F+I+G4     2475.806     32  5015.612     5019.861     5152.344
511  VT+F+R2       2476.129     32  5016.259     5020.508     5152.991
530  PMB+I         2566.736     12  5157.471     5158.075     5208.746
531  PMB+G4        2566.058     12  5156.116     5156.720     5207.391
532  PMB+I+G4      2566.041     13  5158.082     5158.788     5213.630
533  PMB+R2        2566.233     13  5158.466     5159.171     5214.013
552  PMB+F+I       2494.289     31  5050.578     5054.562     5183.037
553  PMB+F+G4      2493.344     31  5048.687     5052.671     5181.146
554  PMB+F+I+G4    2493.280     32  5050.559     5054.809     5187.291
555  PMB+F+R2      2493.561     32  5051.121     5055.371     5187.853
574  BLOSUM62+I    2578.084     12  5180.168     5180.772     5231.443
575  BLOSUM62+G4   2577.205     12  5178.410     5179.014     5229.685
576  BLOSUM62+I+G4 2577.177     13  5180.354     5181.059     5235.901
577  BLOSUM62+R2   2577.399     13  5180.798     5181.504     5236.346
596  BLOSUM62+F+I  2498.333     31  5058.667     5062.651     5191.126
597  BLOSUM62+F+G4 2497.130     31  5056.261     5060.244     5188.720
598  BLOSUM62+F+I+G4 2497.019     32  5058.038     5062.288     5194.770
599  BLOSUM62+F+R2 2497.373     32  5058.746     5062.996     5195.478
618  DAYHOFF+I     2528.564     12  5081.127     5081.731     5132.402
619  DAYHOFF+G4    2527.421     12  5078.842     5079.445     5130.116
620  DAYHOFF+I+G4  2527.272     13  5080.544     5081.249     5136.091
621  DAYHOFF+R2    2527.641     13  5081.281     5081.987     5136.829
640  DAYHOFF+F+I   2466.817     31  4995.635     4999.619     5128.094
641  DAYHOFF+F+G4  2465.561     31  4993.121     4997.105     5125.581
642  DAYHOFF+F+I+G4 2465.305     32  4994.610     4998.859     5131.342
643  DAYHOFF+F+R2  2465.735     32  4995.470     4999.719     5132.202
662  MTREV+I       2671.699     12  5367.397     5368.001     5418.672
663  MTREV+G4      2669.057     12  5362.113     5362.717     5413.388
664  MTREV+I+G4    2668.234     13  5362.467     5363.173     5418.015
665  MTREV+R2      2664.601     13  5355.201     5355.906     5410.748
684  MTREV+F+I     2505.348     31  5072.697     5076.681     5205.156
685  MTREV+F+G4    2502.734     31  5067.468     5071.452     5199.927
686  MTREV+F+I+G4  2501.606     32  5067.212     5071.461     5203.944
687  MTREV+F+R2    2497.690     32  5059.379     5063.629     5196.111
706  MTART+I       2687.600     12  5399.200     5399.803     5450.475
707  MTART+G4      2683.319     12  5390.638     5391.242     5441.913
708  MTART+I+G4    2681.894     13  5389.787     5390.493     5445.335
709  MTART+R2      2678.406     13  5382.811     5383.517     5438.359
728  MTART+F+I     2514.005     31  5090.010     5093.994     5222.470
729  MTART+F+G4    2510.966     31  5083.932     5087.916     5216.391
730  MTART+F+I+G4  2509.437     32  5082.873     5087.123     5219.605
731  MTART+F+R2    2504.708     32  5073.416     5077.666     5210.148
750  MTZOA+I       2660.203     12  5344.407     5345.010     5395.681
751  MTZOA+G4      2658.015     12  5340.029     5340.633     5391.304
752  MTZOA+I+G4    2657.555     13  5341.110     5341.815     5396.657
753  MTZOA+R2      2656.127     13  5338.254     5338.959     5393.801
772  MTZOA+F+I     2490.242     31  5042.483     5046.467     5174.942
773  MTZOA+F+G4    2488.393     31  5038.786     5042.770     5171.245
774  MTZOA+F+I+G4  2487.818     32  5039.636     5043.886     5176.368
775  MTZOA+F+R2    2485.491     32  5034.983     5039.232     5171.715
794  MTMET+I       2641.951     12  5307.903     5308.506     5359.177
795  MTMET+G4      2640.464     12  5304.928     5305.531     5356.202
796  MTMET+I+G4    2640.318     13  5306.637     5307.342     5362.184
797  MTMET+R2      2639.824     13  5305.649     5306.354     5361.196
816  MTMET+F+I     2467.741     31  4997.481     5001.465     5129.941
817  MTMET+F+G4    2466.415     31  4994.830     4998.814     5127.289
818  MTMET+F+I+G4  2466.203     32  4996.405     5000.655     5133.137
819  MTMET+F+R2    2465.128     32  4994.257     4998.506     5130.989
838  MTVER+I       2649.401     12  5322.802     5323.405     5374.076
839  MTVER+G4      2647.310     12  5318.620     5319.223     5369.894
840  MTVER+I+G4    2647.050     13  5320.101     5320.806     5375.648
841  MTVER+R2      2645.881     13  5317.761     5318.467     5373.309
860  MTVER+F+I     2471.983     31  5005.965     5009.949     5138.424
861  MTVER+F+G4    2470.667     31  5003.334     5007.318     5135.793
862  MTVER+F+I+G4  2470.314     32  5004.627     5008.877     5141.359
863  MTVER+F+R2    2469.433     32  5002.866     5007.116     5139.598
882  MTINV+I       2675.060     12  5374.120     5374.723     5425.394
883  MTINV+G4      2673.976     12  5371.951     5372.555     5423.226
884  MTINV+I+G4    2673.876     13  5373.751     5374.457     5429.299
885  MTINV+R2      2673.537     13  5373.075     5373.780     5428.622
904  MTINV+F+I     2466.774     31  4995.548     4999.532     5128.007
905  MTINV+F+G4    2465.529     31  4993.057     4997.041     5125.516
906  MTINV+F+I+G4  2465.354     32  4994.708     4998.957     5131.440
907  MTINV+F+R2    2464.120     32  4992.240     4996.489     5128.972
926  MTMAM+I       2681.849     12  5387.698     5388.302     5438.973
927  MTMAM+G4      2676.374     12  5376.747     5377.351     5428.022
928  MTMAM+I+G4    2674.783     13  5375.567     5376.272     5431.114
929  MTMAM+R2      2670.584     13  5367.168     5367.873     5422.715
948  MTMAM+F+I     2501.078     31  5064.156     5068.140     5196.615
949  MTMAM+F+G4    2498.345     31  5058.690     5062.674     5191.149
950  MTMAM+F+I+G4  2496.978     32  5057.957     5062.206     5194.689
951  MTMAM+F+R2    2494.176     32  5052.352     5056.602     5189.084
970  FLAVI+I       2569.287     12  5162.574     5163.177     5213.848
971  FLAVI+G4      2568.722     12  5161.445     5162.048     5212.719
972  FLAVI+I+G4    2568.525     13  5163.049     5163.755     5218.597
973  FLAVI+R2      2569.433     13  5164.867     5165.572     5220.414
992  FLAVI+F+I     2471.878     31  5005.757     5009.741     5138.216
993  FLAVI+F+G4    2471.173     31  5004.347     5008.331     5136.806
994  FLAVI+F+I+G4  2470.928     32  5005.855     5010.105     5142.587
995  FLAVI+F+R2    2471.526     32  5007.052     5011.302     5143.784
1014  HIVB+I        2562.706     12  5149.411     5150.015     5200.686
1015  HIVB+G4       2561.465     12  5146.929     5147.533     5198.204
1016  HIVB+I+G4     2561.152     13  5148.304     5149.009     5203.851
1017  HIVB+R2       2560.665     13  5147.329     5148.035     5202.877
1036  HIVB+F+I      2480.328     31  5022.656     5026.640     5155.115
1037  HIVB+F+G4     2478.555     31  5019.111     5023.095     5151.570
1038  HIVB+F+I+G4   2477.923     32  5019.845     5024.095     5156.577
1039  HIVB+F+R2     2477.236     32  5018.473     5022.722     5155.205
1058  HIVW+I        2561.584     12  5147.167     5147.771     5198.442
1059  HIVW+G4       2560.659     12  5145.319     5145.922     5196.594
1060  HIVW+I+G4     2560.348     13  5146.695     5147.401     5202.243
1061  HIVW+R2       2560.431     13  5146.862     5147.567     5202.409
1080  HIVW+F+I      2492.530     31  5047.060     5051.044     5179.520
1081  HIVW+F+G4     2491.642     31  5045.284     5049.268     5177.743
1082  HIVW+F+I+G4   2491.304     32  5046.608     5050.857     5183.340
1083  HIVW+F+R2     2491.458     32  5046.916     5051.166     5183.649
1102  FLU+I         2507.070     12  5038.139     5038.743     5089.414
1103  FLU+G4        2506.105     12  5036.211     5036.814     5087.485
1104  FLU+I+G4      2505.840     13  5037.681     5038.386     5093.228
1105  FLU+R2        2505.581     13  5037.162     5037.867     5092.709
1124  FLU+F+I       2467.738     31  4997.476     5001.460     5129.935
1125  FLU+F+G4      2466.718     31  4995.435     4999.419     5127.894
1126  FLU+F+I+G4    2466.402     32  4996.803     5001.053     5133.535
1127  FLU+F+R2      2466.086     32  4996.172     5000.421     5132.904
1146  RTREV+I       2579.543     12  5183.087     5183.690     5234.361
1147  RTREV+G4      2577.904     12  5179.808     5180.411     5231.082
1148  RTREV+I+G4    2577.658     13  5181.316     5182.021     5236.863
1149  RTREV+R2      2574.905     13  5175.811     5176.516     5231.358
1168  RTREV+F+I     2495.035     31  5052.069     5056.053     5184.529
1169  RTREV+F+G4    2492.966     31  5047.932     5051.916     5180.391
1170  RTREV+F+I+G4  2492.488     32  5048.975     5053.225     5185.707
1171  RTREV+F+R2    2488.525     32  5041.050     5045.300     5177.782
1190  CPREV+I       2564.238     12  5152.475     5153.079     5203.750
1191  CPREV+G4      2563.161     12  5150.321     5150.925     5201.596
1192  CPREV+I+G4    2562.987     13  5151.973     5152.679     5207.521
1193  CPREV+R2      2562.058     13  5150.117     5150.822     5205.664
1212  CPREV+F+I     2493.425     31  5048.849     5052.833     5181.309
1213  CPREV+F+G4    2491.885     31  5045.769     5049.753     5178.228
1214  CPREV+F+I+G4  2491.463     32  5046.927     5051.176     5183.659
1215  CPREV+F+R2    2489.625     32  5043.250     5047.500     5179.982
Akaike Information Criterion:           Q.MAMMAL+F+G4
Corrected Akaike Information Criterion: Q.MAMMAL+F+G4
Bayesian Information Criterion:         Q.MAMMAL+G4
Best-fit model: Q.MAMMAL+G4 chosen according to BIC

All model information printed to real_empirical_pilot/input/trees/WRKY_candidate_02_close.model.gz
CPU time for ModelFinder: 40.664 seconds (0h:0m:40s)
Wall-clock time for ModelFinder: 37.726 seconds (0h:0m:37s)
Generating 1000 samples for ultrafast bootstrap (seed: 42)...

NOTE: 1 MB RAM (0 GB) is required!
Estimate model parameters (epsilon = 0.100)
1. Initial log-likelihood: -2503.042
2. Current log-likelihood: -2501.147
Optimal log-likelihood: -2501.143
Gamma shape alpha: 0.418
Parameters optimization took 2 rounds (0.009 sec)
Wrote distance file to... 
Computing ML distances based on estimated model parameters...
Calculating distance matrix: done in 0.00599194 secs using 97.95% CPU
Computing ML distances took 0.006022 sec (of wall-clock time) 0.005885 sec (of CPU time)
Setting up auxiliary I and S matrices: done in 9.05991e-06 secs using 77.26% CPU
Constructing RapidNJ tree: done in 9.05991e-06 secs using 110.4% CPU
Computing RapidNJ tree took 0.000048 sec (of wall-clock time) 0.000027 sec (of CPU time)
Log-likelihood of RapidNJ tree: -2501.143
--------------------------------------------------------------------
|             INITIALIZING CANDIDATE TREE SET                      |
--------------------------------------------------------------------
Generating 99 parsimony trees... 0.007 second
Computing log-likelihood of 40 initial trees ... 0.035 seconds
Current best score: -2501.143

Do NNI search on 20 best initial trees
Estimate model parameters (epsilon = 0.100)
BETTER TREE FOUND at iteration 1: -2501.143
Iteration 10 / LogL: -2530.986 / Time: 0h:0m:37s
Iteration 20 / LogL: -2501.144 / Time: 0h:0m:37s
Finish initializing candidate tree set (2)
Current best tree score: -2501.143 / CPU time: 0.212
Number of iterations: 20
--------------------------------------------------------------------
|               OPTIMIZING CANDIDATE TREE SET                      |
--------------------------------------------------------------------
UPDATE BEST LOG-LIKELIHOOD: -2501.143
Iteration 30 / LogL: -2501.483 / Time: 0h:0m:38s (0h:0m:0s left)
Iteration 40 / LogL: -2501.144 / Time: 0h:0m:38s (0h:0m:0s left)
Iteration 50 / LogL: -2501.144 / Time: 0h:0m:38s (0h:0m:0s left)
Log-likelihood cutoff on original alignment: -2531.786
Iteration 60 / LogL: -2501.156 / Time: 0h:0m:38s (0h:0m:0s left)
Iteration 70 / LogL: -2530.986 / Time: 0h:0m:38s (0h:0m:0s left)
Iteration 80 / LogL: -2501.483 / Time: 0h:0m:38s (0h:0m:0s left)
Iteration 90 / LogL: -2501.143 / Time: 0h:0m:38s (0h:0m:0s left)
Iteration 100 / LogL: -2501.143 / Time: 0h:0m:38s (0h:0m:0s left)
Log-likelihood cutoff on original alignment: -2532.076
NOTE: Bootstrap correlation coefficient of split occurrence frequencies: 1.000
TREE SEARCH COMPLETED AFTER 102 ITERATIONS / Time: 0h:0m:38s

--------------------------------------------------------------------
|                    FINALIZING TREE SEARCH                        |
--------------------------------------------------------------------
Performs final model parameters optimization
Estimate model parameters (epsilon = 0.010)
1. Initial log-likelihood: -2501.143
Optimal log-likelihood: -2501.143
Gamma shape alpha: 0.418
Parameters optimization took 1 rounds (0.004 sec)
BEST SCORE FOUND : -2501.143

Testing tree branches by SH-like aLRT with 1000 replicates...
0.017 sec.
Creating bootstrap support values...
Split supports printed to NEXUS file real_empirical_pilot/input/trees/WRKY_candidate_02_close.splits.nex
Total tree length: 0.346

Total number of iterations: 102
CPU time used for tree search: 1.021 sec (0h:0m:1s)
Wall-clock time used for tree search: 1.035 sec (0h:0m:1s)
Total CPU time used: 41.733 sec (0h:0m:41s)
Total wall-clock time used: 38.811 sec (0h:0m:38s)

Computing bootstrap consensus tree...
Reading input file real_empirical_pilot/input/trees/WRKY_candidate_02_close.splits.nex...
7 taxa and 18 splits.
Consensus tree written to real_empirical_pilot/input/trees/WRKY_candidate_02_close.contree
Reading input trees file real_empirical_pilot/input/trees/WRKY_candidate_02_close.contree
Log-likelihood of consensus tree: -2501.143

Analysis results written to: 
  IQ-TREE report:                real_empirical_pilot/input/trees/WRKY_candidate_02_close.iqtree
  Maximum-likelihood tree:       real_empirical_pilot/input/trees/WRKY_candidate_02_close.treefile
  Likelihood distances:          real_empirical_pilot/input/trees/WRKY_candidate_02_close.mldist

Ultrafast bootstrap approximation results written to:
  Split support values:          real_empirical_pilot/input/trees/WRKY_candidate_02_close.splits.nex
  Consensus tree:                real_empirical_pilot/input/trees/WRKY_candidate_02_close.contree
  Screen log file:               real_empirical_pilot/input/trees/WRKY_candidate_02_close.log

Date and Time: Thu May 28 12:48:09 2026
