IQ-TREE version 3.1.2 for MacOS ARM 64-bit built May 17 2026
Developed by Bui Quang Minh, Thomas Wong, Nhan Ly-Trong, Huaiyan Ren
Contributed by Lam-Tung Nguyen, Dominik Schrempf, Chris Bielow,
Olga Chernomor, Michael Woodhams, Diep Thi Hoang, Heiko Schmidt

Host:    Krishnendus-MacBook-Pro.local (SSE4.2, 36 GB RAM)
Command: iqtree -s real_empirical_pilot/input/msas/WRKY_candidate_01.codon.aln.fasta -m GTR+G -bb 1000 -nt AUTO -pre real_empirical_pilot/input/trees/WRKY_candidate_01
Seed:    439058 (Using SPRNG - Scalable Parallel Random Number Generator)
Time:    Thu May 28 10:28:45 2026
Kernel:  SSE2 - auto-detect threads (18 CPU cores detected)

Reading alignment file real_empirical_pilot/input/msas/WRKY_candidate_01.codon.aln.fasta ... Fasta format detected
Reading fasta file: done in 0.000173092 secs using 89.55% CPU
Alignment most likely contains DNA/RNA sequences
Constructing alignment: done in 0.001791 secs using 32.72% CPU
Alignment has 6 sequences with 2004 columns, 753 distinct patterns
667 parsimony-informative, 539 singleton sites, 798 constant sites
                         Gap/Ambiguity  Composition  p-value
Analyzing sequences: done in 0.000102043 secs using 60.76% CPU
   1  Arabidopsis_thaliana      22.31%    failed      0.00%
   2  Brassica_rapa             29.19%    failed      0.00%
   3  Glycine_max               13.17%    failed      0.00%
   4  Oryza_sativa              16.92%    failed      0.00%
   5  Sorghum_bicolor           22.75%    failed      0.00%
   6  Brachypodium_distachyon   13.77%    failed      0.00%
****  TOTAL                     19.69%  6 sequences failed composition chi2 test (p-value<5%; df=3)
Checking for duplicate sequences: done in 9.10759e-05 secs using 68.08% CPU

Create initial parsimony tree by phylogenetic likelihood library (PLL)... 0.000 seconds
Generating 1000 samples for ultrafast bootstrap (seed: 439058)...

NOTE: 3 MB RAM (0 GB) is required!
Measuring multi-threading efficiency up to 18 CPU cores
Increase to 10 rounds for branch lengths
9581 trees examined
Threads: 1 / Time: 18.000 sec / Speedup: 1.000 / Efficiency: 100% / LogL: -9350
Threads: 2 / Time: 26.455 sec / Speedup: 0.680 / Efficiency: 34% / LogL: -9350
Determining AUTO threadcount: done in 44.4556 secs using 97.22% CPU
BEST NUMBER OF THREADS: 1

Estimate model parameters (epsilon = 0.100)
1. Initial log-likelihood: -9533.553
2. Current log-likelihood: -9308.866
3. Current log-likelihood: -9306.527
4. Current log-likelihood: -9306.260
Optimal log-likelihood: -9306.164
Rate parameters:  A-C: 1.23897  A-G: 2.37471  A-T: 1.31123  C-G: 1.77515  C-T: 2.94216  G-T: 1.00000
Base frequencies:  A: 0.256  C: 0.291  G: 0.273  T: 0.179
Gamma shape alpha: 0.881
Parameters optimization took 4 rounds (0.010 sec)
Wrote distance file to... 
Computing ML distances based on estimated model parameters...
Calculating distance matrix: done in 7.29561e-05 secs using 97.32% CPU
Computing ML distances took 0.000112 sec (of wall-clock time) 0.000092 sec (of CPU time)
Setting up auxiliary I and S matrices: done in 8.10623e-06 secs using 74.02% CPU
Constructing RapidNJ tree: done in 8.10623e-06 secs using 98.69% CPU
Computing RapidNJ tree took 0.000046 sec (of wall-clock time) 0.000025 sec (of CPU time)
Log-likelihood of RapidNJ tree: -9306.155
--------------------------------------------------------------------
|             INITIALIZING CANDIDATE TREE SET                      |
--------------------------------------------------------------------
Generating 99 parsimony trees... 0.011 second
Computing log-likelihood of 6 initial trees ... 0.002 seconds
Current best score: -9306.155

Do NNI search on 7 best initial trees
Finish initializing candidate tree set (7)
Current best tree score: -9306.155 / CPU time: 0.034
Number of iterations: 7
--------------------------------------------------------------------
|               OPTIMIZING CANDIDATE TREE SET                      |
--------------------------------------------------------------------
Iteration 10 / LogL: -9310.014 / Time: 0h:0m:44s
UPDATE BEST LOG-LIKELIHOOD: -9306.154
Iteration 20 / LogL: -9306.953 / Time: 0h:0m:44s
UPDATE BEST LOG-LIKELIHOOD: -9306.154
Iteration 30 / LogL: -9310.014 / Time: 0h:0m:44s (0h:1m:47s left)
Iteration 40 / LogL: -9310.014 / Time: 0h:0m:44s (0h:1m:8s left)
Iteration 50 / LogL: -9351.887 / Time: 0h:0m:44s (0h:0m:45s left)
Log-likelihood cutoff on original alignment: -9321.441
UPDATE BEST LOG-LIKELIHOOD: -9306.154
UPDATE BEST LOG-LIKELIHOOD: -9306.154
Iteration 60 / LogL: -9306.411 / Time: 0h:0m:44s (0h:0m:30s left)
Iteration 70 / LogL: -9317.618 / Time: 0h:0m:44s (0h:0m:19s left)
UPDATE BEST LOG-LIKELIHOOD: -9306.154
Iteration 80 / LogL: -9309.336 / Time: 0h:0m:44s (0h:0m:11s left)
UPDATE BEST LOG-LIKELIHOOD: -9306.154
Iteration 90 / LogL: -9306.914 / Time: 0h:0m:44s (0h:0m:5s left)
UPDATE BEST LOG-LIKELIHOOD: -9306.154
Iteration 100 / LogL: -9309.937 / Time: 0h:0m:44s (0h:0m:0s left)
Log-likelihood cutoff on original alignment: -9321.441
NOTE: Bootstrap correlation coefficient of split occurrence frequencies: 1.000
TREE SEARCH COMPLETED AFTER 101 ITERATIONS / Time: 0h:0m:44s

--------------------------------------------------------------------
|                    FINALIZING TREE SEARCH                        |
--------------------------------------------------------------------
Performs final model parameters optimization
Estimate model parameters (epsilon = 0.010)
1. Initial log-likelihood: -9306.154
2. Current log-likelihood: -9306.141
Optimal log-likelihood: -9306.130
Rate parameters:  A-C: 1.24267  A-G: 2.38265  A-T: 1.32283  C-G: 1.77615  C-T: 2.94859  G-T: 1.00000
Base frequencies:  A: 0.256  C: 0.291  G: 0.273  T: 0.179
Gamma shape alpha: 0.868
Parameters optimization took 2 rounds (0.002 sec)
BEST SCORE FOUND : -9306.130
Creating bootstrap support values...
Split supports printed to NEXUS file real_empirical_pilot/input/trees/WRKY_candidate_01.splits.nex
Total tree length: 2.703

Total number of iterations: 101
CPU time used for tree search: 0.336 sec (0h:0m:0s)
Wall-clock time used for tree search: 0.340 sec (0h:0m:0s)
Total CPU time used: 43.596 sec (0h:0m:43s)
Total wall-clock time used: 44.838 sec (0h:0m:44s)

Computing bootstrap consensus tree...
Reading input file real_empirical_pilot/input/trees/WRKY_candidate_01.splits.nex...
6 taxa and 9 splits.
Consensus tree written to real_empirical_pilot/input/trees/WRKY_candidate_01.contree
Reading input trees file real_empirical_pilot/input/trees/WRKY_candidate_01.contree
Log-likelihood of consensus tree: -9306.131

Analysis results written to: 
  IQ-TREE report:                real_empirical_pilot/input/trees/WRKY_candidate_01.iqtree
  Maximum-likelihood tree:       real_empirical_pilot/input/trees/WRKY_candidate_01.treefile
  Likelihood distances:          real_empirical_pilot/input/trees/WRKY_candidate_01.mldist

Ultrafast bootstrap approximation results written to:
  Split support values:          real_empirical_pilot/input/trees/WRKY_candidate_01.splits.nex
  Consensus tree:                real_empirical_pilot/input/trees/WRKY_candidate_01.contree
  Screen log file:               real_empirical_pilot/input/trees/WRKY_candidate_01.log

Date and Time: Thu May 28 10:29:30 2026
