This is pdfTeX, Version 3.141592653-2.6-1.40.29 (TeX Live 2026) (preloaded format=pdflatex 2026.5.14)  30 MAY 2026 07:08
entering extended mode
 restricted \write18 enabled.
 %&-line parsing enabled.
**BABAPPA_method_paper_auxiliary_saturation.tex
(./BABAPPA_method_paper_auxiliary_saturation.tex
LaTeX2e <2025-11-01>
L3 programming layer <2026-01-19>
(/usr/local/texlive/2026basic/texmf-dist/tex/latex/base/article.cls
Document Class: article 2025/01/22 v1.4n Standard LaTeX document class
(/usr/local/texlive/2026basic/texmf-dist/tex/latex/base/size11.clo
File: size11.clo 2025/01/22 v1.4n Standard LaTeX file (size option)
)
\c@part=\count275
\c@section=\count276
\c@subsection=\count277
\c@subsubsection=\count278
\c@paragraph=\count279
\c@subparagraph=\count280
\c@figure=\count281
\c@table=\count282
\abovecaptionskip=\skip49
\belowcaptionskip=\skip50
\bibindent=\dimen148
)
(/usr/local/texlive/2026basic/texmf-dist/tex/latex/geometry/geometry.sty
Package: geometry 2020/01/02 v5.9 Page Geometry

(/usr/local/texlive/2026basic/texmf-dist/tex/latex/graphics/keyval.sty
Package: keyval 2022/05/29 v1.15 key=value parser (DPC)
\KV@toks@=\toks17
)
(/usr/local/texlive/2026basic/texmf-dist/tex/generic/iftex/ifvtex.sty
Package: ifvtex 2019/10/25 v1.7 ifvtex legacy package. Use iftex instead.

(/usr/local/texlive/2026basic/texmf-dist/tex/generic/iftex/iftex.sty
Package: iftex 2024/12/12 v1.0g TeX engine tests
))
\Gm@cnth=\count283
\Gm@cntv=\count284
\c@Gm@tempcnt=\count285
\Gm@bindingoffset=\dimen149
\Gm@wd@mp=\dimen150
\Gm@odd@mp=\dimen151
\Gm@even@mp=\dimen152
\Gm@layoutwidth=\dimen153
\Gm@layoutheight=\dimen154
\Gm@layouthoffset=\dimen155
\Gm@layoutvoffset=\dimen156
\Gm@dimlist=\toks18
)
(/usr/local/texlive/2026basic/texmf-dist/tex/latex/base/fontenc.sty
Package: fontenc 2025/07/18 v2.1d Standard LaTeX package
)
(/usr/local/texlive/2026basic/texmf-dist/tex/latex/base/inputenc.sty
Package: inputenc 2024/02/08 v1.3d Input encoding file
\inpenc@prehook=\toks19
\inpenc@posthook=\toks20
)
(/usr/local/texlive/2026basic/texmf-dist/tex/latex/lm/lmodern.sty
Package: lmodern 2015/05/01 v1.6.1 Latin Modern Fonts
LaTeX Font Info:    Overwriting symbol font `operators' in version `normal'
(Font)                  OT1/cmr/m/n --> OT1/lmr/m/n on input line 22.
LaTeX Font Info:    Overwriting symbol font `letters' in version `normal'
(Font)                  OML/cmm/m/it --> OML/lmm/m/it on input line 23.
LaTeX Font Info:    Overwriting symbol font `symbols' in version `normal'
(Font)                  OMS/cmsy/m/n --> OMS/lmsy/m/n on input line 24.
LaTeX Font Info:    Overwriting symbol font `largesymbols' in version `normal'
(Font)                  OMX/cmex/m/n --> OMX/lmex/m/n on input line 25.
LaTeX Font Info:    Overwriting symbol font `operators' in version `bold'
(Font)                  OT1/cmr/bx/n --> OT1/lmr/bx/n on input line 26.
LaTeX Font Info:    Overwriting symbol font `letters' in version `bold'
(Font)                  OML/cmm/b/it --> OML/lmm/b/it on input line 27.
LaTeX Font Info:    Overwriting symbol font `symbols' in version `bold'
(Font)                  OMS/cmsy/b/n --> OMS/lmsy/b/n on input line 28.
LaTeX Font Info:    Overwriting symbol font `largesymbols' in version `bold'
(Font)                  OMX/cmex/m/n --> OMX/lmex/m/n on input line 29.
LaTeX Font Info:    Overwriting math alphabet `\mathbf' in version `normal'
(Font)                  OT1/cmr/bx/n --> OT1/lmr/bx/n on input line 31.
LaTeX Font Info:    Overwriting math alphabet `\mathsf' in version `normal'
(Font)                  OT1/cmss/m/n --> OT1/lmss/m/n on input line 32.
LaTeX Font Info:    Overwriting math alphabet `\mathit' in version `normal'
(Font)                  OT1/cmr/m/it --> OT1/lmr/m/it on input line 33.
LaTeX Font Info:    Overwriting math alphabet `\mathtt' in version `normal'
(Font)                  OT1/cmtt/m/n --> OT1/lmtt/m/n on input line 34.
LaTeX Font Info:    Overwriting math alphabet `\mathbf' in version `bold'
(Font)                  OT1/cmr/bx/n --> OT1/lmr/bx/n on input line 35.
LaTeX Font Info:    Overwriting math alphabet `\mathsf' in version `bold'
(Font)                  OT1/cmss/bx/n --> OT1/lmss/bx/n on input line 36.
LaTeX Font Info:    Overwriting math alphabet `\mathit' in version `bold'
(Font)                  OT1/cmr/bx/it --> OT1/lmr/bx/it on input line 37.
LaTeX Font Info:    Overwriting math alphabet `\mathtt' in version `bold'
(Font)                  OT1/cmtt/m/n --> OT1/lmtt/m/n on input line 38.
)
(/usr/local/texlive/2026basic/texmf-dist/tex/latex/setspace/setspace.sty
Package: setspace 2022/12/04 v6.7b set line spacing
)
(/usr/local/texlive/2026basic/texmf-dist/tex/latex/amsmath/amsmath.sty
Package: amsmath 2025/07/09 v2.17z AMS math features
\@mathmargin=\skip51

For additional information on amsmath, use the `?' option.
(/usr/local/texlive/2026basic/texmf-dist/tex/latex/amsmath/amstext.sty
Package: amstext 2024/11/17 v2.01 AMS text

(/usr/local/texlive/2026basic/texmf-dist/tex/latex/amsmath/amsgen.sty
File: amsgen.sty 1999/11/30 v2.0 generic functions
\@emptytoks=\toks21
\ex@=\dimen157
))
(/usr/local/texlive/2026basic/texmf-dist/tex/latex/amsmath/amsbsy.sty
Package: amsbsy 1999/11/29 v1.2d Bold Symbols
\pmbraise@=\dimen158
)
(/usr/local/texlive/2026basic/texmf-dist/tex/latex/amsmath/amsopn.sty
Package: amsopn 2022/04/08 v2.04 operator names
)
\inf@bad=\count286
LaTeX Info: Redefining \frac on input line 233.
\uproot@=\count287
\leftroot@=\count288
LaTeX Info: Redefining \overline on input line 398.
LaTeX Info: Redefining \colon on input line 409.
\classnum@=\count289
\DOTSCASE@=\count290
LaTeX Info: Redefining \ldots on input line 495.
LaTeX Info: Redefining \dots on input line 498.
LaTeX Info: Redefining \cdots on input line 619.
\Mathstrutbox@=\box53
\strutbox@=\box54
LaTeX Info: Redefining \big on input line 721.
LaTeX Info: Redefining \Big on input line 722.
LaTeX Info: Redefining \bigg on input line 723.
LaTeX Info: Redefining \Bigg on input line 724.
\big@size=\dimen159
LaTeX Font Info:    Redeclaring font encoding OML on input line 742.
LaTeX Font Info:    Redeclaring font encoding OMS on input line 743.
\macc@depth=\count291
LaTeX Info: Redefining \bmod on input line 904.
LaTeX Info: Redefining \pmod on input line 909.
LaTeX Info: Redefining \smash on input line 939.
LaTeX Info: Redefining \relbar on input line 969.
LaTeX Info: Redefining \Relbar on input line 970.
\c@MaxMatrixCols=\count292
\dotsspace@=\muskip17
\c@parentequation=\count293
\dspbrk@lvl=\count294
\tag@help=\toks22
\row@=\count295
\column@=\count296
\maxfields@=\count297
\andhelp@=\toks23
\eqnshift@=\dimen160
\alignsep@=\dimen161
\tagshift@=\dimen162
\tagwidth@=\dimen163
\totwidth@=\dimen164
\lineht@=\dimen165
\@envbody=\toks24
\multlinegap=\skip52
\multlinetaggap=\skip53
\mathdisplay@stack=\toks25
LaTeX Info: Redefining \[ on input line 2950.
LaTeX Info: Redefining \] on input line 2951.
)
(/usr/local/texlive/2026basic/texmf-dist/tex/latex/amsfonts/amssymb.sty
Package: amssymb 2013/01/14 v3.01 AMS font symbols

(/usr/local/texlive/2026basic/texmf-dist/tex/latex/amsfonts/amsfonts.sty
Package: amsfonts 2013/01/14 v3.01 Basic AMSFonts support
\symAMSa=\mathgroup4
\symAMSb=\mathgroup5
LaTeX Font Info:    Redeclaring math symbol \hbar on input line 98.
LaTeX Font Info:    Overwriting math alphabet `\mathfrak' in version `bold'
(Font)                  U/euf/m/n --> U/euf/b/n on input line 106.
))
(/usr/local/texlive/2026basic/texmf-dist/tex/latex/amscls/amsthm.sty
Package: amsthm 2020/05/29 v2.20.6
\thm@style=\toks26
\thm@bodyfont=\toks27
\thm@headfont=\toks28
\thm@notefont=\toks29
\thm@headpunct=\toks30
\thm@preskip=\skip54
\thm@postskip=\skip55
\thm@headsep=\skip56
\dth@everypar=\toks31
)
(/usr/local/texlive/2026basic/texmf-dist/tex/latex/mathtools/mathtools.sty
Package: mathtools 2024/10/04 v1.31 mathematical typesetting tools

(/usr/local/texlive/2026basic/texmf-dist/tex/latex/tools/calc.sty
Package: calc 2025/03/01 v4.3b Infix arithmetic (KKT,FJ)
\calc@Acount=\count298
\calc@Bcount=\count299
\calc@Adimen=\dimen166
\calc@Bdimen=\dimen167
\calc@Askip=\skip57
\calc@Bskip=\skip58
LaTeX Info: Redefining \setlength on input line 86.
LaTeX Info: Redefining \addtolength on input line 87.
\calc@Ccount=\count300
\calc@Cskip=\skip59
)
(/usr/local/texlive/2026basic/texmf-dist/tex/latex/mathtools/mhsetup.sty
Package: mhsetup 2021/03/18 v1.4 programming setup (MH)
)
\g_MT_multlinerow_int=\count301
\l_MT_multwidth_dim=\dimen168
\origjot=\skip60
\l_MT_shortvdotswithinadjustabove_dim=\dimen169
\l_MT_shortvdotswithinadjustbelow_dim=\dimen170
\l_MT_above_intertext_sep=\dimen171
\l_MT_below_intertext_sep=\dimen172
\l_MT_above_shortintertext_sep=\dimen173
\l_MT_below_shortintertext_sep=\dimen174
\xmathstrut@box=\box55
\xmathstrut@dim=\dimen175
)
(/usr/local/texlive/2026basic/texmf-dist/tex/latex/tools/bm.sty
Package: bm 2025/10/21 v1.2g Bold Symbol Support (DPC/FMi)
\symboldoperators=\mathgroup6
\symboldletters=\mathgroup7
\symboldsymbols=\mathgroup8
Package bm Info: No bold for \OMX/lmex/m/n, using \pmb.
Package bm Info: No bold for \U/msa/m/n, using \pmb.
Package bm Info: No bold for \U/msb/m/n, using \pmb.
LaTeX Font Info:    Redeclaring math alphabet \mathbf on input line 149.
)
(/usr/local/texlive/2026basic/texmf-dist/tex/latex/booktabs/booktabs.sty
Package: booktabs 2020/01/12 v1.61803398 Publication quality tables
\heavyrulewidth=\dimen176
\lightrulewidth=\dimen177
\cmidrulewidth=\dimen178
\belowrulesep=\dimen179
\belowbottomsep=\dimen180
\aboverulesep=\dimen181
\abovetopsep=\dimen182
\cmidrulesep=\dimen183
\cmidrulekern=\dimen184
\defaultaddspace=\dimen185
\@cmidla=\count302
\@cmidlb=\count303
\@aboverulesep=\dimen186
\@belowrulesep=\dimen187
\@thisruleclass=\count304
\@lastruleclass=\count305
\@thisrulewidth=\dimen188
)
(/usr/local/texlive/2026basic/texmf-dist/tex/latex/tools/longtable.sty
Package: longtable 2025-10-13 v4.24 Multi-page Table package (DPC)
\LTleft=\skip61
\LTright=\skip62
\LTpre=\skip63
\LTpost=\skip64
\LTchunksize=\count306
\LTcapwidth=\dimen189
\LT@head=\box56
\LT@firsthead=\box57
\LT@foot=\box58
\LT@lastfoot=\box59
\LT@gbox=\box60
\LT@cols=\count307
\LT@rows=\count308
\c@LT@tables=\count309
\c@LT@chunks=\count310
\LT@p@ftn=\toks32
)
(/usr/local/texlive/2026basic/texmf-dist/tex/latex/tools/array.sty
Package: array 2025/09/25 v2.6n Tabular extension package (FMi)
\col@sep=\dimen190
\ar@mcellbox=\box61
\extrarowheight=\dimen191
\NC@list=\toks33
\extratabsurround=\skip65
\backup@length=\skip66
\ar@cellbox=\box62
)
(/usr/local/texlive/2026basic/texmf-dist/tex/latex/tools/tabularx.sty
Package: tabularx 2023/12/11 v2.12a `tabularx' package (DPC)
\TX@col@width=\dimen192
\TX@old@table=\dimen193
\TX@old@col=\dimen194
\TX@target=\dimen195
\TX@delta=\dimen196
\TX@cols=\count311
\TX@ftn=\toks34
)
(/usr/local/texlive/2026basic/texmf-dist/tex/latex/graphics/graphicx.sty
Package: graphicx 2024/12/31 v1.2e Enhanced LaTeX Graphics (DPC,SPQR)

(/usr/local/texlive/2026basic/texmf-dist/tex/latex/graphics/graphics.sty
Package: graphics 2024/08/06 v1.4g Standard LaTeX Graphics (DPC,SPQR)

(/usr/local/texlive/2026basic/texmf-dist/tex/latex/graphics/trig.sty
Package: trig 2023/12/02 v1.11 sin cos tan (DPC)
)
(/usr/local/texlive/2026basic/texmf-dist/tex/latex/graphics-cfg/graphics.cfg
File: graphics.cfg 2016/06/04 v1.11 sample graphics configuration
)
Package graphics Info: Driver file: pdftex.def on input line 106.

(/usr/local/texlive/2026basic/texmf-dist/tex/latex/graphics-def/pdftex.def
File: pdftex.def 2025/09/29 v1.2d Graphics/color driver for pdftex
))
\Gin@req@height=\dimen197
\Gin@req@width=\dimen198
)
(/usr/local/texlive/2026basic/texmf-dist/tex/latex/xcolor/xcolor.sty
Package: xcolor 2024/09/29 v3.02 LaTeX color extensions (UK)

(/usr/local/texlive/2026basic/texmf-dist/tex/latex/graphics-cfg/color.cfg
File: color.cfg 2016/01/02 v1.6 sample color configuration
)
Package xcolor Info: Driver file: pdftex.def on input line 274.

(/usr/local/texlive/2026basic/texmf-dist/tex/latex/graphics/mathcolor.ltx)
Package xcolor Info: Model `cmy' substituted by `cmy0' on input line 1349.
Package xcolor Info: Model `hsb' substituted by `rgb' on input line 1353.
Package xcolor Info: Model `RGB' extended on input line 1365.
Package xcolor Info: Model `HTML' substituted by `rgb' on input line 1367.
Package xcolor Info: Model `Hsb' substituted by `hsb' on input line 1368.
Package xcolor Info: Model `tHsb' substituted by `hsb' on input line 1369.
Package xcolor Info: Model `HSB' substituted by `hsb' on input line 1370.
Package xcolor Info: Model `Gray' substituted by `gray' on input line 1371.
Package xcolor Info: Model `wave' substituted by `hsb' on input line 1372.
)
(/usr/local/texlive/2026basic/texmf-dist/tex/latex/hyperref/hyperref.sty
Package: hyperref 2026-01-29 v7.01p Hypertext links for LaTeX

(/usr/local/texlive/2026basic/texmf-dist/tex/latex/kvsetkeys/kvsetkeys.sty
Package: kvsetkeys 2022-10-05 v1.19 Key value parser (HO)
)
(/usr/local/texlive/2026basic/texmf-dist/tex/generic/kvdefinekeys/kvdefinekeys.
sty
Package: kvdefinekeys 2019-12-19 v1.6 Define keys (HO)
)
(/usr/local/texlive/2026basic/texmf-dist/tex/generic/pdfescape/pdfescape.sty
Package: pdfescape 2019/12/09 v1.15 Implements pdfTeX's escape features (HO)

(/usr/local/texlive/2026basic/texmf-dist/tex/generic/ltxcmds/ltxcmds.sty
Package: ltxcmds 2023-12-04 v1.26 LaTeX kernel commands for general use (HO)
)
(/usr/local/texlive/2026basic/texmf-dist/tex/generic/pdftexcmds/pdftexcmds.sty
Package: pdftexcmds 2020-06-27 v0.33 Utility functions of pdfTeX for LuaTeX (HO
)

(/usr/local/texlive/2026basic/texmf-dist/tex/generic/infwarerr/infwarerr.sty
Package: infwarerr 2019/12/03 v1.5 Providing info/warning/error messages (HO)
)
Package pdftexcmds Info: \pdf@primitive is available.
Package pdftexcmds Info: \pdf@ifprimitive is available.
Package pdftexcmds Info: \pdfdraftmode found.
)) (/usr/local/texlive/2026basic/texmf-dist/tex/latex/hycolor/hycolor.sty
Package: hycolor 2020-01-27 v1.10 Color options for hyperref/bookmark (HO)
)
(/usr/local/texlive/2026basic/texmf-dist/tex/latex/hyperref/nameref.sty
Package: nameref 2026-01-29 v2.58 Cross-referencing by name of section

(/usr/local/texlive/2026basic/texmf-dist/tex/latex/refcount/refcount.sty
Package: refcount 2019/12/15 v3.6 Data extraction from label references (HO)
)
(/usr/local/texlive/2026basic/texmf-dist/tex/generic/gettitlestring/gettitlestr
ing.sty
Package: gettitlestring 2019/12/15 v1.6 Cleanup title references (HO)

(/usr/local/texlive/2026basic/texmf-dist/tex/latex/kvoptions/kvoptions.sty
Package: kvoptions 2022-06-15 v3.15 Key value format for package options (HO)
))
\c@section@level=\count312
)
(/usr/local/texlive/2026basic/texmf-dist/tex/latex/etoolbox/etoolbox.sty
Package: etoolbox 2025/10/02 v2.5m e-TeX tools for LaTeX (JAW)
\etb@tempcnta=\count313
)
(/usr/local/texlive/2026basic/texmf-dist/tex/generic/stringenc/stringenc.sty
Package: stringenc 2019/11/29 v1.12 Convert strings between diff. encodings (HO
)
)
\@linkdim=\dimen199
\Hy@linkcounter=\count314
\Hy@pagecounter=\count315

(/usr/local/texlive/2026basic/texmf-dist/tex/latex/hyperref/pd1enc.def
File: pd1enc.def 2026-01-29 v7.01p Hyperref: PDFDocEncoding definition (HO)
Now handling font encoding PD1 ...
... no UTF-8 mapping file for font encoding PD1
)
(/usr/local/texlive/2026basic/texmf-dist/tex/generic/intcalc/intcalc.sty
Package: intcalc 2019/12/15 v1.3 Expandable calculations with integers (HO)
)
\Hy@SavedSpaceFactor=\count316

(/usr/local/texlive/2026basic/texmf-dist/tex/latex/hyperref/puenc.def
File: puenc.def 2026-01-29 v7.01p Hyperref: PDF Unicode definition (HO)
Now handling font encoding PU ...
... no UTF-8 mapping file for font encoding PU
)
Package hyperref Info: Hyper figures OFF on input line 4201.
Package hyperref Info: Link nesting OFF on input line 4206.
Package hyperref Info: Hyper index ON on input line 4209.
Package hyperref Info: Plain pages OFF on input line 4216.
Package hyperref Info: Backreferencing OFF on input line 4221.
Package hyperref Info: Implicit mode ON; LaTeX internals redefined.
Package hyperref Info: Bookmarks ON on input line 4468.
\c@Hy@tempcnt=\count317

(/usr/local/texlive/2026basic/texmf-dist/tex/latex/url/url.sty
\Urlmuskip=\muskip18
Package: url 2013/09/16  ver 3.4  Verb mode for urls, etc.
)
LaTeX Info: Redefining \url on input line 4807.
\XeTeXLinkMargin=\dimen256

(/usr/local/texlive/2026basic/texmf-dist/tex/generic/bitset/bitset.sty
Package: bitset 2019/12/09 v1.3 Handle bit-vector datatype (HO)

(/usr/local/texlive/2026basic/texmf-dist/tex/generic/bigintcalc/bigintcalc.sty
Package: bigintcalc 2019/12/15 v1.5 Expandable calculations on big integers (HO
)
))
\Fld@menulength=\count318
\Field@Width=\dimen257
\Fld@charsize=\dimen258
Package hyperref Info: Hyper figures OFF on input line 6084.
Package hyperref Info: Link nesting OFF on input line 6089.
Package hyperref Info: Hyper index ON on input line 6092.
Package hyperref Info: backreferencing OFF on input line 6099.
Package hyperref Info: Link coloring OFF on input line 6104.
Package hyperref Info: Link coloring with OCG OFF on input line 6109.
Package hyperref Info: PDF/A mode OFF on input line 6114.
\Hy@abspage=\count319
\c@Item=\count320
\c@Hfootnote=\count321
)
Package hyperref Info: Driver (autodetected): hpdftex.
 (/usr/local/texlive/2026basic/texmf-dist/tex/latex/hyperref/hpdftex.def
File: hpdftex.def 2026-01-29 v7.01p Hyperref driver for pdfTeX
\Fld@listcount=\count322
\c@bookmark@seq@number=\count323

(/usr/local/texlive/2026basic/texmf-dist/tex/latex/rerunfilecheck/rerunfilechec
k.sty
Package: rerunfilecheck 2025-06-21 v1.11 Rerun checks for auxiliary files (HO)

(/usr/local/texlive/2026basic/texmf-dist/tex/generic/uniquecounter/uniquecounte
r.sty
Package: uniquecounter 2019/12/15 v1.4 Provide unlimited unique counter (HO)
)
Package uniquecounter Info: New unique counter `rerunfilecheck' on input line 2
84.
)
\Hy@SectionHShift=\skip67
) (/usr/local/texlive/2026basic/texmf-dist/tex/latex/natbib/natbib.sty
Package: natbib 2010/09/13 8.31b (PWD, AO)
\bibhang=\skip68
\bibsep=\skip69
LaTeX Info: Redefining \cite on input line 694.
\c@NAT@ctr=\count324
)
(/Users/krishnendu/Library/texmf/tex/latex/enumitem/enumitem.sty
Package: enumitem 2025/02/06 v3.11 Customized lists
\labelindent=\skip70
\enit@outerparindent=\dimen259
\enit@toks=\toks35
\enit@inbox=\box63
\enit@count@id=\count325
\enitdp@description=\count326
)
(/Users/krishnendu/Library/texmf/tex/latex/caption/caption.sty
Package: caption 2023/08/05 v3.6o Customizing captions (AR)

(/Users/krishnendu/Library/texmf/tex/latex/caption/caption3.sty
Package: caption3 2023/07/31 v2.4d caption3 kernel (AR)
\caption@tempdima=\dimen260
\captionmargin=\dimen261
\caption@leftmargin=\dimen262
\caption@rightmargin=\dimen263
\caption@width=\dimen264
\caption@indent=\dimen265
\caption@parindent=\dimen266
\caption@hangindent=\dimen267
Package caption Info: Standard document class detected.
)
\c@caption@flags=\count327
\c@continuedfloat=\count328
Package caption Info: hyperref package is loaded.
Package caption Info: longtable package is loaded.

(/Users/krishnendu/Library/texmf/tex/latex/caption/ltcaption.sty
Package: ltcaption 2021/01/08 v1.4c longtable captions (AR)
))
(/Users/krishnendu/Library/texmf/tex/latex/multirow/multirow.sty
Package: multirow 2024/11/12 v2.9 Span multiple rows of a table
\multirow@colwidth=\skip71
\multirow@cntb=\count329
\multirow@dima=\skip72
\bigstrutjot=\dimen268
)
(/usr/local/texlive/2026basic/texmf-dist/tex/latex/fancyvrb/fancyvrb.sty
Package: fancyvrb 2025/07/28 4.6 verbatim text (tvz,hv)
\FV@CodeLineNo=\count330
\FV@InFile=\read2
\FV@TabBox=\box64
\c@FancyVerbLine=\count331
\FV@StepNumber=\count332
\FV@OutFile=\write3
)
Package hyperref Info: Option `colorlinks' set `true' on input line 27.
LaTeX Font Info:    Trying to load font information for T1+lmr on input line 55
.

(/usr/local/texlive/2026basic/texmf-dist/tex/latex/lm/t1lmr.fd
File: t1lmr.fd 2015/05/01 v1.6.1 Font defs for Latin Modern
)
(/usr/local/texlive/2026basic/texmf-dist/tex/latex/l3backend/l3backend-pdftex.d
ef
File: l3backend-pdftex.def 2025-10-09 L3 backend support: PDF output (pdfTeX)
\l__color_backend_stack_int=\count333
) (./BABAPPA_method_paper_auxiliary_saturation.aux)
\openout1 = `BABAPPA_method_paper_auxiliary_saturation.aux'.

LaTeX Font Info:    Checking defaults for OML/cmm/m/it on input line 55.
LaTeX Font Info:    ... okay on input line 55.
LaTeX Font Info:    Checking defaults for OMS/cmsy/m/n on input line 55.
LaTeX Font Info:    ... okay on input line 55.
LaTeX Font Info:    Checking defaults for OT1/cmr/m/n on input line 55.
LaTeX Font Info:    ... okay on input line 55.
LaTeX Font Info:    Checking defaults for T1/cmr/m/n on input line 55.
LaTeX Font Info:    ... okay on input line 55.
LaTeX Font Info:    Checking defaults for TS1/cmr/m/n on input line 55.
LaTeX Font Info:    ... okay on input line 55.
LaTeX Font Info:    Checking defaults for OMX/cmex/m/n on input line 55.
LaTeX Font Info:    ... okay on input line 55.
LaTeX Font Info:    Checking defaults for U/cmr/m/n on input line 55.
LaTeX Font Info:    ... okay on input line 55.
LaTeX Font Info:    Checking defaults for PD1/pdf/m/n on input line 55.
LaTeX Font Info:    ... okay on input line 55.
LaTeX Font Info:    Checking defaults for PU/pdf/m/n on input line 55.
LaTeX Font Info:    ... okay on input line 55.

*geometry* driver: auto-detecting
*geometry* detected driver: pdftex
*geometry* verbose mode - [ preamble ] result:
* driver: pdftex
* paper: a4paper
* layout: <same size as paper>
* layoutoffset:(h,v)=(0.0pt,0.0pt)
* modes: 
* h-part:(L,W,R)=(72.26999pt, 452.9679pt, 72.26999pt)
* v-part:(T,H,B)=(72.26999pt, 700.50687pt, 72.26999pt)
* \paperwidth=597.50787pt
* \paperheight=845.04684pt
* \textwidth=452.9679pt
* \textheight=700.50687pt
* \oddsidemargin=0.0pt
* \evensidemargin=0.0pt
* \topmargin=-37.0pt
* \headheight=12.0pt
* \headsep=25.0pt
* \topskip=11.0pt
* \footskip=30.0pt
* \marginparwidth=50.0pt
* \marginparsep=10.0pt
* \columnsep=10.0pt
* \skip\footins=10.0pt plus 4.0pt minus 2.0pt
* \hoffset=0.0pt
* \voffset=0.0pt
* \mag=1000
* \@twocolumnfalse
* \@twosidefalse
* \@mparswitchfalse
* \@reversemarginfalse
* (1in=72.27pt=25.4mm, 1cm=28.453pt)

(/usr/local/texlive/2026basic/texmf-dist/tex/context/base/mkii/supp-pdf.mkii
[Loading MPS to PDF converter (version 2006.09.02).]
\scratchcounter=\count334
\scratchdimen=\dimen269
\scratchbox=\box65
\nofMPsegments=\count335
\nofMParguments=\count336
\everyMPshowfont=\toks36
\MPscratchCnt=\count337
\MPscratchDim=\dimen270
\MPnumerator=\count338
\makeMPintoPDFobject=\count339
\everyMPtoPDFconversion=\toks37
)
(/usr/local/texlive/2026basic/texmf-dist/tex/latex/epstopdf-pkg/epstopdf-base.s
ty
Package: epstopdf-base 2020-01-24 v2.11 Base part for package epstopdf
Package epstopdf-base Info: Redefining graphics rule for `.eps' on input line 4
85.

(/usr/local/texlive/2026basic/texmf-dist/tex/latex/latexconfig/epstopdf-sys.cfg
File: epstopdf-sys.cfg 2010/07/13 v1.3 Configuration of (r)epstopdf for TeX Liv
e
))
Package hyperref Info: Link coloring ON on input line 55.
 (./BABAPPA_method_paper_auxiliary_saturation.out)
(./BABAPPA_method_paper_auxiliary_saturation.out)
\@outlinefile=\write4
\openout4 = `BABAPPA_method_paper_auxiliary_saturation.out'.

Package caption Info: Begin \AtBeginDocument code.
Package caption Info: End \AtBeginDocument code.
LaTeX Font Info:    Trying to load font information for OT1+lmr on input line 5
7.

(/usr/local/texlive/2026basic/texmf-dist/tex/latex/lm/ot1lmr.fd
File: ot1lmr.fd 2015/05/01 v1.6.1 Font defs for Latin Modern
)
LaTeX Font Info:    Trying to load font information for OML+lmm on input line 5
7.

(/usr/local/texlive/2026basic/texmf-dist/tex/latex/lm/omllmm.fd
File: omllmm.fd 2015/05/01 v1.6.1 Font defs for Latin Modern
)
LaTeX Font Info:    Trying to load font information for OMS+lmsy on input line 
57.

(/usr/local/texlive/2026basic/texmf-dist/tex/latex/lm/omslmsy.fd
File: omslmsy.fd 2015/05/01 v1.6.1 Font defs for Latin Modern
)
LaTeX Font Info:    Trying to load font information for OMX+lmex on input line 
57.

(/usr/local/texlive/2026basic/texmf-dist/tex/latex/lm/omxlmex.fd
File: omxlmex.fd 2015/05/01 v1.6.1 Font defs for Latin Modern
)
LaTeX Font Info:    External font `lmex10' loaded for size
(Font)              <12> on input line 57.
LaTeX Font Info:    External font `lmex10' loaded for size
(Font)              <8> on input line 57.
LaTeX Font Info:    External font `lmex10' loaded for size
(Font)              <6> on input line 57.
LaTeX Font Info:    Trying to load font information for U+msa on input line 57.


(/usr/local/texlive/2026basic/texmf-dist/tex/latex/amsfonts/umsa.fd
File: umsa.fd 2013/01/14 v3.01 AMS symbols A
)
LaTeX Font Info:    Trying to load font information for U+msb on input line 57.


(/usr/local/texlive/2026basic/texmf-dist/tex/latex/amsfonts/umsb.fd
File: umsb.fd 2013/01/14 v3.01 AMS symbols B
)
LaTeX Font Info:    Trying to load font information for T1+lmtt on input line 5
7.

(/usr/local/texlive/2026basic/texmf-dist/tex/latex/lm/t1lmtt.fd
File: t1lmtt.fd 2015/05/01 v1.6.1 Font defs for Latin Modern
)
Overfull \hbox (1.14288pt too wide) in paragraph at lines 59--60
\T1/lmr/m/n/10 a simulation-trained frame-work for branch-site se-lec-tion in-f
er-ence that is ro-bust to alignment-
 []


Overfull \hbox (1.58784pt too wide) in paragraph at lines 65--66
[]\T1/lmr/m/n/10 This ar-ti-cle is in-ten-tion-ally self-contained and writ-ten
 as an ex-e-cutable meth-ods blueprint.
 []

[1

{/Users/krishnendu/Library/texlive/2026basic/texmf-var/fonts/map/pdftex/updmap/
pdftex.map}{/usr/local/texlive/2026basic/texmf-dist/fonts/enc/dvips/lm/lm-ec.en
c}]
LaTeX Font Info:    External font `lmex10' loaded for size
(Font)              <10.95> on input line 72.
 [2{/usr/local/texlive/2026basic/texmf-dist/fonts/enc/dvips/lm/lm-mathit.enc}{/
usr/local/texlive/2026basic/texmf-dist/fonts/enc/dvips/lm/lm-rm.enc}]
Overfull \hbox (6.6939pt too wide) in paragraph at lines 86--87
[]\T1/lmr/bx/n/10.95 Simulator-truth \T1/lmr/m/n/10.95 refers to the la-tent ev
o-lu-tion-ary his-tory used to gen-er-ate syn-thetic or-thogroups:
 []

[3]
Underfull \hbox (badness 10000) in paragraph at lines 104--104
[]|\T1/lmr/m/n/10.95 Orthogroup sim-u-la-tion
 []


Underfull \hbox (badness 10000) in paragraph at lines 105--105
[]|\T1/lmr/m/n/10.95 Alignment-ensemble
 []


Underfull \hbox (badness 2894) in paragraph at lines 106--106
[]|\T1/lmr/m/n/10.95 Tensorization and fea-
 []


Underfull \hbox (badness 10000) in paragraph at lines 110--110
[]|\T1/lmr/m/n/10.95 Empirical de-ploy-ment
 []

[4]
Underfull \hbox (badness 10000) in paragraph at lines 128--129
[]|\T1/lmr/m/n/10.95 CDS-family sim-u-la-tion with per-family
 []


Underfull \hbox (badness 4913) in paragraph at lines 128--129
\T1/lmr/m/n/10.95 FASTA/tree/truth/homology/events/metadata plus com-
 []


Underfull \hbox (badness 10000) in paragraph at lines 129--130
[]|\T1/lmr/m/n/10.95 Internal \T1/lmtt/m/n/10.95 identity \T1/lmr/m/n/10.95 sca
f-folds, quar-an-tined
 []


Underfull \hbox (badness 3138) in paragraph at lines 129--130
\T1/lmtt/m/n/10.95 codon_dropout \T1/lmr/m/n/10.95 noise con-trols, production-
fast ex-ter-nal
 []


Underfull \hbox (badness 3009) in paragraph at lines 131--131
[]|\T1/lmr/m/n/10.95 Site-label and site-dataset
 []


Underfull \hbox (badness 4872) in paragraph at lines 132--132
[]|\T1/lmr/m/n/10.95 Explicit branch-site truth
 []


ignored: Infinite glue shrinkage found in box being split [5] [6{/usr/local/texlive/2026
basic/texmf-dist/fonts/enc/dvips/lm/lm-mathsy.enc}] [7] [8{/usr/local/texlive/2
026basic/texmf-dist/fonts/enc/dvips/lm/lm-mathex.enc}]
Overfull \hbox (16.00842pt too wide) detected at line 250
\OML/lmm/m/it/10.95 S[] \OT1/lmr/m/n/10.95 = []\OML/lmm/m/it/10.95 ;
 []

[9] [10] [11]
Overfull \hbox (19.46283pt too wide) in paragraph at lines 318--320
\T1/lmr/m/n/10.95 data masks, op-tional alignment-confidence scores, guide-tree
 dis-tance fea-tures, win-dowed saturation-
 []

[12] [13]
Overfull \hbox (30.40297pt too wide) in paragraph at lines 401--402
\T1/lmr/m/n/10.95 and site-localized. The im-ple-mented pro-duc-tion re-search 
layer there-fore piv-ots to \T1/lmtt/m/n/10.95 SiteMLPClassifier\T1/lmr/m/n/10.
95 ,
 []

[14] [15]
Overfull \hbox (17.479pt too wide) in paragraph at lines 476--477
\T1/lmr/m/n/10.95 ag-gre-gated gene lev-els. Gene-level thresh-old pro-fil-ing 
re-mains avail-able through \T1/lmtt/m/n/10.95 threshold-policy\T1/lmr/m/n/10.9
5 ,
 []


Overfull \hbox (8.32957pt too wide) in paragraph at lines 476--477
\T1/lmr/m/n/10.95 while \T1/lmtt/m/n/10.95 calibrate-site-neural\T1/lmr/m/n/10.
95 , \T1/lmtt/m/n/10.95 site-threshold-policy\T1/lmr/m/n/10.95 , and \T1/lmtt/m
/n/10.95 aggregation-threshold-policy
 []

[16] [17] [18] [19]
Underfull \hbox (badness 10000) in paragraph at lines 589--590
[]|\T1/lmtt/m/n/10.95 align-sim\T1/lmr/m/n/10.95 , \T1/lmtt/m/n/10.95 align-ext
ernal\T1/lmr/m/n/10.95 , \T1/lmtt/m/n/10.95 check-aligners\T1/lmr/m/n/10.95 , a
nd
 []


Underfull \hbox (badness 3503) in paragraph at lines 589--590
\T1/lmtt/m/n/10.95 validate-align \T1/lmr/m/n/10.95 gen-er-ate in-ter-nal and o
p-tional ex-ter-
 []


Underfull \hbox (badness 10000) in paragraph at lines 590--590
[]|\T1/lmr/m/n/10.95 Site-map pro-jec-tion and
 []


Underfull \hbox (badness 10000) in paragraph at lines 590--591
[]|\T1/lmtt/m/n/10.95 build-site-map\T1/lmr/m/n/10.95 , \T1/lmtt/m/n/10.95 vali
date-site-map\T1/lmr/m/n/10.95 ,
 []


Underfull \hbox (badness 10000) in paragraph at lines 590--591
\T1/lmtt/m/n/10.95 aligner-method-policy\T1/lmr/m/n/10.95 , and
 []


Underfull \hbox (badness 7851) in paragraph at lines 590--591
\T1/lmtt/m/n/10.95 validate-aligner-method-policy \T1/lmr/m/n/10.95 map aligned
 codon
 []


Underfull \hbox (badness 1394) in paragraph at lines 592--593
[]|\T1/lmtt/m/n/10.95 index-dataset\T1/lmr/m/n/10.95 , \T1/lmtt/m/n/10.95 valid
ate-index\T1/lmr/m/n/10.95 , \T1/lmtt/m/n/10.95 merge-datasets\T1/lmr/m/n/10.95
 , and
 []


Underfull \hbox (badness 10000) in paragraph at lines 593--594
[]|\T1/lmtt/m/n/10.95 train-baseline\T1/lmr/m/n/10.95 , \T1/lmtt/m/n/10.95 trai
n-neural\T1/lmr/m/n/10.95 , \T1/lmtt/m/n/10.95 diagnose-neural\T1/lmr/m/n/10.95
 ,
 []


Underfull \hbox (badness 4531) in paragraph at lines 593--594
\T1/lmtt/m/n/10.95 threshold-policy\T1/lmr/m/n/10.95 , \T1/lmtt/m/n/10.95 strat
ified-eval\T1/lmr/m/n/10.95 , and com-par-i-son
 []


Underfull \hbox (badness 3009) in paragraph at lines 594--594
[]|\T1/lmr/m/n/10.95 Site-label and site-dataset
 []


Underfull \hbox (badness 10000) in paragraph at lines 594--595
[]|\T1/lmtt/m/n/10.95 extract-site-labels\T1/lmr/m/n/10.95 , \T1/lmtt/m/n/10.95
 build-site-dataset\T1/lmr/m/n/10.95 ,
 []


Underfull \hbox (badness 2903) in paragraph at lines 594--595
\T1/lmtt/m/n/10.95 validate-site-dataset\T1/lmr/m/n/10.95 , and \T1/lmtt/m/n/10
.95 audit-site-leakage \T1/lmr/m/n/10.95 im-
 []


Underfull \hbox (badness 10000) in paragraph at lines 595--596
[]|\T1/lmtt/m/n/10.95 train-site-baseline\T1/lmr/m/n/10.95 , \T1/lmtt/m/n/10.95
 train-site-neural\T1/lmr/m/n/10.95 ,
 []


Underfull \hbox (badness 10000) in paragraph at lines 595--596
\T1/lmtt/m/n/10.95 validate-site-baseline\T1/lmr/m/n/10.95 , and \T1/lmtt/m/n/1
0.95 validate-site-neural
 []


Underfull \hbox (badness 10000) in paragraph at lines 596--597
[]|\T1/lmtt/m/n/10.95 calibrate-site-neural\T1/lmr/m/n/10.95 , \T1/lmtt/m/n/10.
95 site-threshold-policy\T1/lmr/m/n/10.95 ,
 []


Underfull \hbox (badness 10000) in paragraph at lines 596--597
\T1/lmtt/m/n/10.95 aggregation-threshold-policy\T1/lmr/m/n/10.95 , and calibrat
ion-
 []


Underfull \hbox (badness 3942) in paragraph at lines 596--597
\T1/lmr/m/n/10.95 comparison val-ida-tors im-ple-ment site and ag-gre-ga-tion
 []


Underfull \hbox (badness 10000) in paragraph at lines 597--598
[]|\T1/lmtt/m/n/10.95 site-stratified-eval\T1/lmr/m/n/10.95 , \T1/lmtt/m/n/10.9
5 aggregate-sites\T1/lmr/m/n/10.95 ,
 []


Underfull \hbox (badness 10000) in paragraph at lines 597--598
\T1/lmtt/m/n/10.95 aggregation-controls\T1/lmr/m/n/10.95 , \T1/lmtt/m/n/10.95 c
ompare-site-models\T1/lmr/m/n/10.95 , and
 []


Underfull \hbox (badness 7504) in paragraph at lines 598--598
[]|\T1/lmr/m/n/10.95 Benchmark pan-els, plan-
 []


Underfull \hbox (badness 10000) in paragraph at lines 598--599
[]|\T1/lmtt/m/n/10.95 make-saturation-panel\T1/lmr/m/n/10.95 , \T1/lmtt/m/n/10.
95 merge-datasets\T1/lmr/m/n/10.95 ,
 []


Underfull \hbox (badness 10000) in paragraph at lines 598--599
\T1/lmtt/m/n/10.95 plan-large-run\T1/lmr/m/n/10.95 , \T1/lmtt/m/n/10.95 plan-ex
ternal-aligner-validation\T1/lmr/m/n/10.95 ,
 []


Underfull \hbox (badness 10000) in paragraph at lines 598--599
\T1/lmtt/m/n/10.95 plan-fast-external-10k\T1/lmr/m/n/10.95 , \T1/lmtt/m/n/10.95
 summarize-external-tiers\T1/lmr/m/n/10.95 ,
 []


Underfull \hbox (badness 1681) in paragraph at lines 598--599
\T1/lmr/m/n/10.95 and their val-ida-tors build tier-specific pan-els, gen-er-at
e
 []


ignored: Infinite glue shrinkage found in box being split [20]
Overfull \hbox (22.63663pt too wide) in paragraph at lines 614--614
[]|\T1/lmtt/m/n/10.95 family_id.local_trees.json| 
 []


Overfull \hbox (51.3803pt too wide) in paragraph at lines 627--627
[]|\T1/lmtt/m/n/10.95 family_id.{aligner}.codon.fasta| 
 []


Overfull \hbox (34.1341pt too wide) in paragraph at lines 628--628
[]|\T1/lmtt/m/n/10.95 family_id.{aligner}.aa.fasta| 
 []


Overfull \hbox (28.38536pt too wide) in paragraph at lines 629--629
[]|\T1/lmtt/m/n/10.95 family_id.{aligner}.map.tsv| 
 []


Overfull \hbox (28.38536pt too wide) in paragraph at lines 630--630
[]|\T1/lmtt/m/n/10.95 family_id.{aligner}.qc.json| 
 []


Overfull \hbox (34.1341pt too wide) in paragraph at lines 631--631
[]|\T1/lmtt/m/n/10.95 family_id.{aligner}.asr.json| 
 []

[21] [22] [23] [24]
Overfull \hbox (96.59909pt too wide) in paragraph at lines 715--717
\T1/lmr/m/n/10.95 iden-ti-fier should be filled later us-ing the place-hold-ers
 \T1/lmtt/m/n/10.95 [PLACEHOLDER_EMPIRICAL_PANEL]\T1/lmr/m/n/10.95 , \T1/lmtt/m
/n/10.95 [PLACEHOLDER_HARDWARE]\T1/lmr/m/n/10.95 ,
 []

[25]
Overfull \hbox (3.60574pt too wide) in paragraph at lines 730--731
\T1/lmr/m/n/10.95 and ex-treme sat-u-ra-tion tiers. Each tier con-tains 2,500 s
im-u-lated fam-i-lies and uses the production-
 []


Overfull \hbox (87.13936pt too wide) in paragraph at lines 732--733
\T1/lmr/m/n/10.95 re-ported \T1/lmtt/m/n/10.95 explicit_truth_ok\T1/lmr/m/n/10.
95 , \T1/lmtt/m/n/10.95 explicit_simulator_branch_truth\T1/lmr/m/n/10.95 , and 
\T1/lmtt/m/n/10.95 proxy_from_foreground_taxon=False
 []


Overfull \hbox (4.93117pt too wide) in paragraph at lines 734--735
\T1/lmr/m/n/10.95 tional diagnostic-only. The warn-ing \T1/lmtt/m/n/10.95 branc
h_context_ablation:context_only_shortcut_high
 []


Underfull \hbox (badness 10000) in paragraph at lines 762--762
[]|\T1/lmr/m/n/10.95 Train/validation/calibration/test
 []


Underfull \hbox (badness 7631) in paragraph at lines 762--763
[]|\T1/lmr/m/n/10.95 350,000 branch-site neu-ral rows per tier af-ter
 []


Underfull \hbox (badness 1178) in paragraph at lines 762--763
\T1/lmr/m/n/10.95 tion all-split rows ap-prox-i-mately 173,654 per tier;
 []


Underfull \hbox (badness 10000) in paragraph at lines 767--767
[]|\T1/lmr/m/n/10.95 Saturation-tier counts
 []

[26]
ignored: Infinite glue shrinkage found in box being split [27]
Underfull \hbox (badness 10000) in paragraph at lines 780--781
[]|\T1/lmtt/m/n/10.95 site_neural_saturation_10000\T1/lmr/m/n/10.95 ; 100,000-
 []


Underfull \hbox (badness 10000) in paragraph at lines 780--781
\T1/lmr/m/n/10.95 family branch-site neu-ral out-puts
 []


Underfull \hbox (badness 10000) in paragraph at lines 780--781
\T1/lmr/m/n/10.95 are re-tained in the cor-re-spond-ing
 []


Overfull \hbox (30.46321pt too wide) in paragraph at lines 780--781
\T1/lmtt/m/n/10.95 branch_site_neural_explicit_branch_truth_100k_mps_*
 []


Underfull \hbox (badness 1281) in paragraph at lines 791--792
[]|\T1/lmr/m/n/10.95 Earlier con-trolled site neu-ral all AU-ROC
 []


Underfull \hbox (badness 1845) in paragraph at lines 791--792
\T1/lmr/m/n/10.95 ROC low 0.9986, mod-er-ate 0.9970, high
 []


Underfull \hbox (badness 5077) in paragraph at lines 792--793
\T1/lmr/m/n/10.95 family ex-plicit branch-truth run, global
 []


Underfull \hbox (badness 1107) in paragraph at lines 793--794
\T1/lmr/m/n/10.95 ate 0.9999, high 1.0, ex-treme 1.0. The
 []


Underfull \hbox (badness 5475) in paragraph at lines 793--794
\T1/lmr/m/n/10.95 100,000-family branch-site run used the
 []


Underfull \hbox (badness 3118) in paragraph at lines 794--794
[]|\T1/lmr/m/n/10.95 Stress-test curves (re-com-bi-na-tion, SRV,
 []


Underfull \hbox (badness 3039) in paragraph at lines 796--796
\T1/lmr/m/n/10.95 F1, max-MCC, balanced-Youden, high-
 []


ignored: Infinite glue shrinkage found in box being split [28]
Underfull \hbox (badness 1331) in paragraph at lines 805--806
[]|\T1/lmr/m/n/10.95 Two WRKY-family di-ag-nos-tic pi-lots have
 []


Underfull \hbox (badness 7576) in paragraph at lines 805--806
\T1/lmr/m/n/10.95 been pro-cessed in the cur-rent em-pir-i-
 []


Underfull \hbox (badness 1565) in paragraph at lines 805--806
\T1/lmr/m/n/10.95 cal bridge. \T1/lmtt/m/n/10.95 WRKY_candidate_01 \T1/lmr/m/n/
10.95 was re-
 []


Underfull \hbox (badness 5022) in paragraph at lines 805--806
\T1/lmr/m/n/10.95 tained as an out-of-domain stress test;
 []


Underfull \hbox (badness 10000) in paragraph at lines 806--807
[]|\T1/lmtt/m/n/10.95 WRKY_candidate_02_close \T1/lmr/m/n/10.95 pro-duced a
 []


Underfull \hbox (badness 2285) in paragraph at lines 806--807
\T1/lmr/m/n/10.95 BABAPPA diagnostic-positive re-sult with
 []


Underfull \hbox (badness 1975) in paragraph at lines 806--807
\T1/lmr/m/n/10.95 called branch-site rows. This is not a
 []


Underfull \hbox (badness 10000) in paragraph at lines 808--809
[]|\T1/lmtt/m/n/10.95 WRKY_candidate_02_close \T1/lmr/m/n/10.95 had 7 taxa,
 []


Underfull \hbox (badness 10000) in paragraph at lines 808--809
\T1/lmr/m/n/10.95 aligned mean pair-wise p-distance ap-
 []


Underfull \hbox (badness 10000) in paragraph at lines 808--809
\T1/lmr/m/n/10.95 prox-i-mately 0.101293, pre-filter de-ci-sion
 []


Underfull \hbox (badness 2189) in paragraph at lines 808--809
\T1/lmtt/m/n/10.95 accept\T1/lmr/m/n/10.95 , ap-pli-ca-bil-ity \T1/lmtt/m/n/10.
95 in_domain\T1/lmr/m/n/10.95 , se-lected
 []


Underfull \hbox (badness 10000) in paragraph at lines 809--810
[]|\T1/lmr/m/n/10.95 codeml/HyPhy-style ref-er-ences and
 []


Underfull \hbox (badness 10000) in paragraph at lines 809--810
\T1/lmr/m/n/10.95 simulation-matched null cal-i-bra-tion are
 []


Underfull \hbox (badness 3803) in paragraph at lines 810--810
[]|\T1/lmr/m/n/10.95 Families en-ter-ing aux-il-iary ASR/energy
 []


Underfull \hbox (badness 1019) in paragraph at lines 810--811
[]|\T1/lmr/m/n/10.95 None in the present re-lease; ASR/energy
 []


Underfull \hbox (badness 1430) in paragraph at lines 811--812
[]|\T1/lmtt/m/n/10.95 WRKY_candidate_02_close \T1/lmr/m/n/10.95 is a di-ag-nos-
tic
 []


ignored: Infinite glue shrinkage found in box being split [29]
Overfull \hbox (11.79807pt too wide) in paragraph at lines 817--818
\T1/lmtt/m/n/10.95 WRKY_candidate_02_close \T1/lmr/m/n/10.95 demon-strated that
 the same pipeline can pro-cess a closer Brassicaceae-
 []

[30] [31]
Overfull \hbox (2.03397pt too wide) in paragraph at lines 843--844
\T1/lmtt/m/n/10.95 [PLACEHOLDER_ZENODO_DOI]\T1/lmr/m/n/10.95 . These en-tries a
re place-hold-ers and should be re-placed upon project
 []


Overfull \hbox (0.90941pt too wide) in paragraph at lines 843--844
\T1/lmr/m/n/10.95 policy re-ports, truth-status au-dits, cross-tier sum-mary ar
-ti-facts, and saturation-panel or merged-
 []

[32] (./BABAPPA_method_paper_auxiliary_saturation.bbl [33] [34] [35]) [36]
(./BABAPPA_method_paper_auxiliary_saturation.aux)
 ***********
LaTeX2e <2025-11-01>
L3 programming layer <2026-01-19>
 ***********
Package rerunfilecheck Info: File `BABAPPA_method_paper_auxiliary_saturation.ou
t' has not changed.
(rerunfilecheck)             Checksum: 5374AF88A517237D82B881441A74D693;11431.
 ) 
Here is how much of TeX's memory you used:
 15014 strings out of 469006
 237623 string characters out of 5454813
 662165 words of memory out of 5000000
 43330 multiletter control sequences out of 15000+600000
 700970 words of font info for 92 fonts, out of 8000000 for 9000
 319 hyphenation exceptions out of 8191
 75i,9n,79p,1964b,692s stack positions out of 10000i,1000n,20000p,200000b,200000s
</usr/local/texlive/2026basic/texmf-dist/fonts/type1/public/lm/lmbx10.pfb></u
sr/local/texlive/2026basic/texmf-dist/fonts/type1/public/lm/lmbx12.pfb></usr/lo
cal/texlive/2026basic/texmf-dist/fonts/type1/public/lm/lmex10.pfb></usr/local/t
exlive/2026basic/texmf-dist/fonts/type1/public/lm/lmmi10.pfb></usr/local/texliv
e/2026basic/texmf-dist/fonts/type1/public/lm/lmmi6.pfb></usr/local/texlive/2026
basic/texmf-dist/fonts/type1/public/lm/lmmi8.pfb></usr/local/texlive/2026basic/
texmf-dist/fonts/type1/public/lm/lmmib10.pfb></usr/local/texlive/2026basic/texm
f-dist/fonts/type1/public/lm/lmr10.pfb></usr/local/texlive/2026basic/texmf-dist
/fonts/type1/public/lm/lmr12.pfb></usr/local/texlive/2026basic/texmf-dist/fonts
/type1/public/lm/lmr17.pfb></usr/local/texlive/2026basic/texmf-dist/fonts/type1
/public/lm/lmr8.pfb></usr/local/texlive/2026basic/texmf-dist/fonts/type1/public
/lm/lmri10.pfb></usr/local/texlive/2026basic/texmf-dist/fonts/type1/public/lm/l
msy10.pfb></usr/local/texlive/2026basic/texmf-dist/fonts/type1/public/lm/lmsy6.
pfb></usr/local/texlive/2026basic/texmf-dist/fonts/type1/public/lm/lmsy8.pfb></
usr/local/texlive/2026basic/texmf-dist/fonts/type1/public/lm/lmtt10.pfb></usr/l
ocal/texlive/2026basic/texmf-dist/fonts/type1/public/amsfonts/symbols/msbm10.pf
b>
Output written on BABAPPA_method_paper_auxiliary_saturation.pdf (36 pages, 3929
61 bytes).
PDF statistics:
 643 PDF objects out of 1000 (max. 8388607)
 563 compressed objects within 6 object streams
 155 named destinations out of 1000 (max. 500000)
 425 words of extra memory for PDF output out of 10000 (max. 10000000)

